// Vitest Snapshot v1, https://vitest.dev/guide/snapshot.html

exports[`test cart is loaded empty snapshot 1`] = `<DocumentFragment />`;
